"""
===========================
How to Use 0-add_integer.py
===========================

This module provides a function to add two integers.

Usage
=====

``add_integer(...)``` returns the addition of its two arguments. For numbers,
that value is equivalent to using the ``+`` operator.

::

>>> add_integer(1, 2)
3
>>> add_integer(100, -2)
98
>>> add_integer(2)
100
>>> add_integer(100.3, -2)
98
>>> add_integer(4, "School")
Traceback (most recent call last):
    ...
TypeError: b must be an integer
>>> add_integer(None)
Traceback (most recent call last):
    ...
TypeError: a must be an integer
"""

